Forcing replacing of builtin Spack packages
Building recipes for peppy...
	✔ Selected version 0.40.7 (artifact: peppy-0.40.7.tar.gz)
	↪ generating 6 dependent recipe(s): numpy, pandas, pephubclient, pyyaml, rich, ubiquerg
	✴️ py-numpy already exists in spack
	✴️ py-pandas already exists in spack
	✔ Selected version 0.4.5 (artifact: pephubclient-0.4.5.tar.gz)
	↪ generating 7 dependent recipe(s): coloredlogs, pandas, peppy, pydantic, requests, typer, ubiquerg
	✴️ py-coloredlogs already exists in spack
	✴️ py-pandas already exists in spack
	🔁 cycle detected on peppy; skipping nested generation
	✴️ py-pydantic already exists in spack
	✴️ py-requests already exists in spack
	✴️ py-typer already exists in spack
	✴️ py-ubiquerg already exists in spack
	Dependencies: 7 regular, 0 variant group(s)
	📦 Wrote recipe to packages/py-pephubclient/package.py
	✴️ py-pyyaml already exists in spack
	✴️ py-rich already exists in spack
	✴️ py-ubiquerg already exists in spack
	⤺ skipping py-pephubclient to avoid direct cycle with py-peppy
	Dependencies: 5 regular, 0 variant group(s)
	📦 Wrote recipe to packages/py-peppy/package.py
