[+] /home/ubuntu/.spack/linux-ubuntu22.04-skylake_avx512/gcc-11.4.0/openblas-0.3.24-tqwpqsls6vqhg7apwtpmyn66wi5flikm
[+] /home/ubuntu/.spack/linux-ubuntu22.04-skylake_avx512/gcc-11.4.0/bzip2-1.0.8-d4xccumh4b2i5cerjevki5bqcx2zwgsf
[+] /home/ubuntu/.spack/linux-ubuntu22.04-skylake_avx512/gcc-11.4.0/libmd-1.0.4-sbwjlsjvdvetomibtcni5gwnhjj5jz52
[+] /home/ubuntu/.spack/linux-ubuntu22.04-skylake_avx512/gcc-11.4.0/ncurses-6.4-3somqznhmvolzlexhdlt4qognvqhu7t2
[+] /home/ubuntu/.spack/linux-ubuntu22.04-skylake_avx512/gcc-11.4.0/libiconv-1.17-rarpigbkg6dxuws7cbbsl3koiqva35lv
[+] /home/ubuntu/.spack/linux-ubuntu22.04-skylake_avx512/gcc-11.4.0/xz-5.4.1-x72ntufbw65cmbdg7ogsyqkldjszi3hh
[+] /home/ubuntu/.spack/linux-ubuntu22.04-skylake_avx512/gcc-11.4.0/zlib-1.3-qr4kewvjknn7y7pvptc56ifq7ex3m5y2
[+] /home/ubuntu/.spack/linux-ubuntu22.04-skylake_avx512/gcc-11.4.0/zstd-1.5.5-ckprc3ljl7p6u7m4af7hoklssohuaahh
[+] /home/ubuntu/.spack/linux-ubuntu22.04-skylake_avx512/gcc-11.4.0/libffi-3.4.4-jrncmn423dit7f6yrdtpo2agz23fcnl2
[+] /home/ubuntu/.spack/linux-ubuntu22.04-skylake_avx512/gcc-11.4.0/libxcrypt-4.4.35-yeipukbfluhorcf3fkuhplm6kvlcsd3h
[+] /home/ubuntu/.spack/linux-ubuntu22.04-skylake_avx512/gcc-11.4.0/util-linux-uuid-2.38.1-2funtgvjutarmwfuyujflxky6pthoobp
[+] /home/ubuntu/.spack/linux-ubuntu22.04-skylake_avx512/gcc-11.4.0/pkgconf-1.9.5-l767usfa2jlprc2zepjvqw3tuebpwnal
[+] /home/ubuntu/.spack/linux-ubuntu22.04-skylake_avx512/gcc-11.4.0/unzip-6.0-54gah4vjmr6jjanhuhfshcz4djri47xp
[+] /home/ubuntu/.spack/linux-ubuntu22.04-skylake_avx512/gcc-11.4.0/pcre-8.45-v24zkb3jo2k7enkh2cpq2i4utc7a25my
[+] /home/ubuntu/.spack/linux-ubuntu22.04-skylake_avx512/gcc-11.4.0/libyaml-0.2.5-gfo3zphmdvoyocjbkhln5n4tycsmsees
[+] /home/ubuntu/.spack/linux-ubuntu22.04-skylake_avx512/gcc-11.4.0/libbsd-0.11.7-7lc2a5trqilhd7wn7zq5iz4u66qr4zl2
[+] /home/ubuntu/.spack/linux-ubuntu22.04-skylake_avx512/gcc-11.4.0/readline-8.2-k5b5q7dya5ziqwbdog56sdp5wirjz7mf
[+] /home/ubuntu/.spack/linux-ubuntu22.04-skylake_avx512/gcc-11.4.0/pigz-2.7-vb7toxgbjzzdlazapgyg4kxyniuvk5wv
[+] /home/ubuntu/.spack/linux-ubuntu22.04-skylake_avx512/gcc-11.4.0/openssl-3.1.3-wuvpy5m4qc7fpje7nqwr5jirnfg7yeji
[+] /home/ubuntu/.spack/linux-ubuntu22.04-skylake_avx512/gcc-11.4.0/libxml2-2.10.3-hz2tmdejdccq46lknkq53girea5dy5bi
[+] /home/ubuntu/.spack/linux-ubuntu22.04-skylake_avx512/gcc-11.4.0/nghttp2-1.57.0-icefz5ekizsw77ba3ecx5mo7lihenpbs
[+] /home/ubuntu/.spack/linux-ubuntu22.04-skylake_avx512/gcc-11.4.0/libpciaccess-0.17-k2pzndee2qogldqhkj5ufewyrjlfpynl
[+] /home/ubuntu/.spack/linux-ubuntu22.04-skylake_avx512/gcc-11.4.0/binutils-2.44-ymopvtcc5cxeskolnwusb56k5qpllnmz
[+] /home/ubuntu/.spack/linux-ubuntu22.04-skylake_avx512/gcc-11.4.0/libedit-3.1-20210216-hratjgwmi3x6gub2rll37e35paosfpma
[+] /home/ubuntu/.spack/linux-ubuntu22.04-skylake_avx512/gcc-11.4.0/swig-4.0.2-fortran-iqecxe4vm46hkox62ghv5k4ghp54siza
[+] /home/ubuntu/.spack/linux-ubuntu22.04-skylake_avx512/gcc-11.4.0/expat-2.5.0-7a6cpjzjvgzu4vefol4iiyranty4zxds
[+] /home/ubuntu/.spack/linux-ubuntu22.04-skylake_avx512/gcc-11.4.0/sqlite-3.43.2-7slsbrwgzctscnsfggt3335zz563m47x
[+] /home/ubuntu/.spack/linux-ubuntu22.04-skylake_avx512/gcc-11.4.0/gdbm-1.23-ttvvpnri4humle2yqihpec7a5cmuss7r
[+] /home/ubuntu/.spack/linux-ubuntu22.04-skylake_avx512/gcc-11.4.0/tar-1.34-zk6vclk4ygmzs3gpkewlrwq4ehuvlv7k
[+] /home/ubuntu/.spack/linux-ubuntu22.04-skylake_avx512/gcc-11.4.0/curl-8.4.0-laauqvao2ynlkbkl2pw34tbkumsressa
[+] /home/ubuntu/.spack/linux-ubuntu22.04-skylake_avx512/gcc-11.4.0/hwloc-2.9.1-7ajrnox43ws2mve4ro5kacmavfocx4uv
[+] /home/ubuntu/.spack/linux-ubuntu22.04-skylake_avx512/gcc-11.4.0/gettext-0.22.3-vqneaoeamz6mum3uq5goxxucpz4uoorj
[+] /home/ubuntu/.spack/linux-ubuntu22.04-skylake_avx512/gcc-11.4.0/lua-5.3.6-k5qkq2nxp5iw7fpkjat27roirf733vsv
[+] /home/ubuntu/.spack/linux-ubuntu22.04-skylake_avx512/gcc-11.4.0/elfutils-0.189-2dblivhcqq2j6nnymy2hemk72fg2gj4k
[+] /home/ubuntu/.spack/linux-ubuntu22.04-skylake_avx512/gcc-11.4.0/python-3.11.2-2o6snqxso6hj5voj4sxqtld6nxlzsrjb
[+] /home/ubuntu/.spack/linux-ubuntu22.04-skylake_avx512/gcc-11.4.0/llvm-15.0.7-si7jyklrfxpzbgswfwg2s7uwhkhnerxw
[+] /home/ubuntu/.spack/linux-ubuntu22.04-skylake_avx512/gcc-11.4.0/py-typing-extensions-4.10.0-stnu7tmuambqqti6phpo7srku3w5afnz
[+] /home/ubuntu/.spack/linux-ubuntu22.04-skylake_avx512/gcc-11.4.0/py-setuptools-63.4.3-a3tf3kdowzvl2uutdxpro2fsd5kcugkp
[+] /home/ubuntu/.spack/linux-ubuntu22.04-skylake_avx512/gcc-11.4.0/py-commonmark-0.9.1-ooclycfzvmt7ebpcwtb4tx5hagskhzif
[+] /home/ubuntu/.spack/linux-ubuntu22.04-skylake_avx512/gcc-11.4.0/py-pip-23.1.2-qcochx6inf7nzjxigaegw2cv7z727leo
[+] /home/ubuntu/.spack/linux-ubuntu22.04-skylake_avx512/gcc-11.4.0/py-numpy-1.25.2-6zhcx2v5xibuy2wsnl7bepuejucnsmxb
[+] /home/ubuntu/.spack/linux-ubuntu22.04-skylake_avx512/gcc-11.4.0/py-llvmlite-0.43.0-e5btosfo5u5n572sg2fwvihukgrmi562
[+] /home/ubuntu/.spack/linux-ubuntu22.04-skylake_avx512/gcc-11.4.0/py-wheel-0.41.2-jpj3uddgo6dyvngk5bxdvzmla3ixngf5
[+] /home/ubuntu/.spack/linux-ubuntu22.04-skylake_avx512/gcc-11.4.0/py-numexpr-2.9.0-uovpiaoxrn62thct34oqz66e2eiwwufx
[+] /home/ubuntu/.spack/linux-ubuntu22.04-skylake_avx512/gcc-11.4.0/py-pytz-2023.3-c5g6vdtvrxdq26p6lfyg5glo7allnenj
[+] /home/ubuntu/.spack/linux-ubuntu22.04-skylake_avx512/gcc-11.4.0/py-tzdata-2023.3-wyd5rtjze47hizh5hyleqm7fpwxxe64z
[+] /home/ubuntu/.spack/linux-ubuntu22.04-skylake_avx512/gcc-11.4.0/py-pygments-2.18.0-r4xlcoyxmenkzmdt4ngt2gzf5lwunb5e
[+] /home/ubuntu/.spack/linux-ubuntu22.04-skylake_avx512/gcc-11.4.0/py-colorama-0.4.6-xjfi6pbab7wxcsiddlljrqxeuwgq6vtb
[+] /home/ubuntu/.spack/linux-ubuntu22.04-skylake_avx512/gcc-11.4.0/py-bottleneck-1.3.7-pdtvpo5lj5cfndfgztq2wzospp5zkuqg
[+] /home/ubuntu/.spack/linux-ubuntu22.04-skylake_avx512/gcc-11.4.0/py-numba-0.60.0-64bt5jt4zda6nshn3gy3tblfkiwp7d7d
[+] /home/ubuntu/.spack/linux-ubuntu22.04-skylake_avx512/gcc-11.4.0/py-six-1.16.0-vtlocgwryo2yj6z7y2tx66qco55qr7yp
[+] /home/ubuntu/.spack/linux-ubuntu22.04-skylake_avx512/gcc-11.4.0/py-pyyaml-6.0-raglocpmdiirt4m325ss2afwtcx4prsk
[+] /home/ubuntu/.spack/linux-ubuntu22.04-skylake_avx512/gcc-11.4.0/py-ubiquerg-0.6.2-mpujgu7j7h5vqyp3nlppwep5zjhzz3by
[+] /home/ubuntu/.spack/linux-ubuntu22.04-skylake_avx512/gcc-11.4.0/py-rich-14.0.0-pk3jxhcxjsgfyva4hzybaasxzm4hyz4z
[+] /home/ubuntu/.spack/linux-ubuntu22.04-skylake_avx512/gcc-11.4.0/py-python-dateutil-2.9.0-yoekawzc4yk47sndo37indpslus2vszw
[+] /home/ubuntu/.spack/linux-ubuntu22.04-skylake_avx512/gcc-11.4.0/py-pandas-2.2.2-oo7ytr4y2icodbmoskorefnhszgcsfud
==> Installing py-peppy-0.40.7-op2jifk3276aksdmyhttqbvetlhqh6t5 [57/57]
==> No binary for py-peppy-0.40.7-op2jifk3276aksdmyhttqbvetlhqh6t5 found: installing from source
==> Fetching https://files.pythonhosted.org/packages/source/p/peppy/peppy-0.40.7.tar.gz
==> No patches needed for py-peppy
==> py-peppy: Executing phase: 'install'
==> py-peppy: Successfully installed py-peppy-0.40.7-op2jifk3276aksdmyhttqbvetlhqh6t5
  Stage: 3.14s.  Install: 5.97s.  Post-install: 0.49s.  Total: 17.23s
[+] /home/ubuntu/.spack/linux-ubuntu22.04-skylake_avx512/gcc-11.4.0/py-peppy-0.40.7-op2jifk3276aksdmyhttqbvetlhqh6t5
