[+] /home/ubuntu/.spack/linux-ubuntu22.04-skylake_avx512/gcc-11.4.0/bzip2-1.0.8-d4xccumh4b2i5cerjevki5bqcx2zwgsf
[+] /home/ubuntu/.spack/linux-ubuntu22.04-skylake_avx512/gcc-11.4.0/libmd-1.0.4-sbwjlsjvdvetomibtcni5gwnhjj5jz52
[+] /home/ubuntu/.spack/linux-ubuntu22.04-skylake_avx512/gcc-11.4.0/ncurses-6.4-3somqznhmvolzlexhdlt4qognvqhu7t2
[+] /home/ubuntu/.spack/linux-ubuntu22.04-skylake_avx512/gcc-11.4.0/libiconv-1.17-rarpigbkg6dxuws7cbbsl3koiqva35lv
[+] /home/ubuntu/.spack/linux-ubuntu22.04-skylake_avx512/gcc-11.4.0/xz-5.4.1-x72ntufbw65cmbdg7ogsyqkldjszi3hh
[+] /home/ubuntu/.spack/linux-ubuntu22.04-skylake_avx512/gcc-11.4.0/zlib-1.3-qr4kewvjknn7y7pvptc56ifq7ex3m5y2
[+] /home/ubuntu/.spack/linux-ubuntu22.04-skylake_avx512/gcc-11.4.0/zstd-1.5.5-ckprc3ljl7p6u7m4af7hoklssohuaahh
[+] /home/ubuntu/.spack/linux-ubuntu22.04-skylake_avx512/gcc-11.4.0/libffi-3.4.4-jrncmn423dit7f6yrdtpo2agz23fcnl2
[+] /home/ubuntu/.spack/linux-ubuntu22.04-skylake_avx512/gcc-11.4.0/libxcrypt-4.4.35-yeipukbfluhorcf3fkuhplm6kvlcsd3h
[+] /home/ubuntu/.spack/linux-ubuntu22.04-skylake_avx512/gcc-11.4.0/util-linux-uuid-2.38.1-2funtgvjutarmwfuyujflxky6pthoobp
[+] /home/ubuntu/.spack/linux-ubuntu22.04-skylake_avx512/gcc-11.4.0/libbsd-0.11.7-7lc2a5trqilhd7wn7zq5iz4u66qr4zl2
[+] /home/ubuntu/.spack/linux-ubuntu22.04-skylake_avx512/gcc-11.4.0/readline-8.2-k5b5q7dya5ziqwbdog56sdp5wirjz7mf
[+] /home/ubuntu/.spack/linux-ubuntu22.04-skylake_avx512/gcc-11.4.0/pigz-2.7-vb7toxgbjzzdlazapgyg4kxyniuvk5wv
[+] /home/ubuntu/.spack/linux-ubuntu22.04-skylake_avx512/gcc-11.4.0/libxml2-2.10.3-hz2tmdejdccq46lknkq53girea5dy5bi
[+] /home/ubuntu/.spack/linux-ubuntu22.04-skylake_avx512/gcc-11.4.0/openssl-3.1.3-wuvpy5m4qc7fpje7nqwr5jirnfg7yeji
[+] /home/ubuntu/.spack/linux-ubuntu22.04-skylake_avx512/gcc-11.4.0/expat-2.5.0-7a6cpjzjvgzu4vefol4iiyranty4zxds
[+] /home/ubuntu/.spack/linux-ubuntu22.04-skylake_avx512/gcc-11.4.0/gdbm-1.23-ttvvpnri4humle2yqihpec7a5cmuss7r
[+] /home/ubuntu/.spack/linux-ubuntu22.04-skylake_avx512/gcc-11.4.0/sqlite-3.43.2-7slsbrwgzctscnsfggt3335zz563m47x
[+] /home/ubuntu/.spack/linux-ubuntu22.04-skylake_avx512/gcc-11.4.0/tar-1.34-zk6vclk4ygmzs3gpkewlrwq4ehuvlv7k
[+] /home/ubuntu/.spack/linux-ubuntu22.04-skylake_avx512/gcc-11.4.0/gettext-0.22.3-vqneaoeamz6mum3uq5goxxucpz4uoorj
[+] /home/ubuntu/.spack/linux-ubuntu22.04-skylake_avx512/gcc-11.4.0/python-3.12.5-2owpih3uupjkjbh66oimvsezj6zz3333
[+] /home/ubuntu/.spack/linux-ubuntu22.04-skylake_avx512/gcc-11.4.0/py-wheel-0.41.2-iq42g4dvg6ezwc44f237n4t2nbzgspkv
[+] /home/ubuntu/.spack/linux-ubuntu22.04-skylake_avx512/gcc-11.4.0/py-setuptools-68.0.0-l6mqtjj4vffg53k37x5jbgjaudknlfic
[+] /home/ubuntu/.spack/linux-ubuntu22.04-skylake_avx512/gcc-11.4.0/py-pip-23.1.2-p7fvscp3woddcpdvzdbkuxq4yrhv6n4c
==> Installing py-peppy-0.40.7-ng3vqspmi7mgvg7ih2gbybop24yge4b7 [25/25]
==> No binary for py-peppy-0.40.7-ng3vqspmi7mgvg7ih2gbybop24yge4b7 found: installing from source
==> Fetching https://files.pythonhosted.org/packages/8b/c7/101211791373b6e7d5aae3c34815e92493e61263ef52215ab7fd96cd6b31/peppy-0.40.7-py3-none-any.whl
==> No patches needed for py-peppy
==> py-peppy: Executing phase: 'install'
==> Error: ProcessError: Command exited with status 1:
    '/home/ubuntu/.spack/linux-ubuntu22.04-skylake_avx512/gcc-11.4.0/python-3.12.5-2owpih3uupjkjbh66oimvsezj6zz3333/bin/python3.12' '-c' 'import peppy'
See build log for details:
  /tmp/ubuntu/spack-stage/spack-stage-py-peppy-0.40.7-ng3vqspmi7mgvg7ih2gbybop24yge4b7/spack-build-out.txt

