This file contains any messages produced by compilers while
running configure, to aid debugging if configure makes a mistake.

It was created by patchelf configure 0.18.0, which was
generated by GNU Autoconf 2.71.  Invocation command line was

  $ /tmp/spack/spack-stage/spack-stage-patchelf-0.18.0-afv7arjarb7nzmlh7c5slkfxykybuqce/spack-src/configure --prefix=/home/spack/spack/opt/spack/__spack_path_placeholder__/__spack_path_placeholder__/__spack_path_placeholder__/__spack_path_placeholder__/__spack_path_placeholder__/__spack_path_placeholder__/__spack_path_placeholder__/__spack_path_placeholder__/__spack_path/linux-centos7-x86_64/gcc-10.2.1/patchelf-0.18.0-afv7arjarb7nzmlh7c5slkfxykybuqce

## --------- ##
## Platform. ##
## --------- ##

hostname = buildkitsandbox
uname -m = x86_64
uname -r = 5.15.0-1047-azure
uname -s = Linux
uname -v = #54~20.04.1-Ubuntu SMP Wed Sep 6 17:49:31 UTC 2023

/usr/bin/uname -p = x86_64
/bin/uname -X     = unknown

/bin/arch              = x86_64
/usr/bin/arch -k       = unknown
/usr/convex/getsysinfo = unknown
/usr/bin/hostinfo      = unknown
/bin/machine           = unknown
/usr/bin/oslevel       = unknown
/bin/universe          = unknown

PATH: /home/spack/spack/lib/spack/env/gcc/
PATH: /home/spack/spack/lib/spack/env/case-insensitive/
PATH: /home/spack/spack/lib/spack/env/
PATH: /opt/rh/devtoolset-10/root/usr/bin/
PATH: /usr/local/sbin/
PATH: /usr/local/bin/
PATH: /usr/sbin/
PATH: /usr/bin/
PATH: /sbin/
PATH: /bin/


## ----------- ##
## Core tests. ##
## ----------- ##

configure:2390: looking for aux files: compile missing install-sh
configure:2403:  trying ./build-aux/
configure:2432:   ./build-aux/compile found
configure:2432:   ./build-aux/missing found
configure:2414:   ./build-aux/install-sh found
configure:2563: checking for a BSD-compatible install
configure:2636: result: /usr/bin/install -c
configure:2647: checking whether build environment is sane
configure:2702: result: yes
configure:2861: checking for a race-free mkdir -p
configure:2905: result: /usr/bin/mkdir -p
configure:2912: checking for gawk
configure:2933: found /usr/bin/gawk
configure:2944: result: gawk
configure:2955: checking whether make sets $(MAKE)
configure:2978: result: yes
configure:3008: checking whether make supports nested variables
configure:3026: result: yes
configure:3212: checking for strip
configure:3233: found /opt/rh/devtoolset-10/root/usr/bin/strip
configure:3244: result: strip
configure:3315: checking for objdump
configure:3336: found /opt/rh/devtoolset-10/root/usr/bin/objdump
configure:3347: result: objdump
configure:3417: checking for objcopy
configure:3438: found /opt/rh/devtoolset-10/root/usr/bin/objcopy
configure:3449: result: objcopy
configure:3519: checking for readelf
configure:3540: found /opt/rh/devtoolset-10/root/usr/bin/readelf
configure:3551: result: readelf
configure:3587: checking whether make supports the include directive
configure:3602: make -f confmf.GNU && cat confinc.out
this is the am__doit target
configure:3605: $? = 0
configure:3624: result: yes (GNU style)
configure:3700: checking for gcc
configure:3732: result: /home/spack/spack/lib/spack/env/gcc/gcc
configure:4085: checking for C compiler version
configure:4094: /home/spack/spack/lib/spack/env/gcc/gcc --version >&5
gcc (GCC) 10.2.1 20210130 (Red Hat 10.2.1-11)
Copyright (C) 2020 Free Software Foundation, Inc.
This is free software; see the source for copying conditions.  There is NO
warranty; not even for MERCHANTABILITY or FITNESS FOR A PARTICULAR PURPOSE.

configure:4105: $? = 0
configure:4094: /home/spack/spack/lib/spack/env/gcc/gcc -v >&5
Using built-in specs.
COLLECT_GCC=/opt/rh/devtoolset-10/root/usr/bin/gcc
COLLECT_LTO_WRAPPER=/opt/rh/devtoolset-10/root/usr/libexec/gcc/x86_64-redhat-linux/10/lto-wrapper
Target: x86_64-redhat-linux
Configured with: ../configure --enable-bootstrap --enable-languages=c,c++,fortran,lto --prefix=/opt/rh/devtoolset-10/root/usr --mandir=/opt/rh/devtoolset-10/root/usr/share/man --infodir=/opt/rh/devtoolset-10/root/usr/share/info --with-bugurl=http://bugzilla.redhat.com/bugzilla --enable-shared --enable-threads=posix --enable-checking=release --enable-multilib --with-system-zlib --enable-__cxa_atexit --disable-libunwind-exceptions --enable-gnu-unique-object --enable-linker-build-id --with-gcc-major-version-only --with-linker-hash-style=gnu --with-default-libstdcxx-abi=gcc4-compatible --enable-plugin --enable-initfini-array --with-isl=/builddir/build/BUILD/gcc-10.2.1-20210130/obj-x86_64-redhat-linux/isl-install --disable-libmpx --enable-gnu-indirect-function --with-tune=generic --with-arch_32=x86-64 --build=x86_64-redhat-linux
Thread model: posix
Supported LTO compression algorithms: zlib
gcc version 10.2.1 20210130 (Red Hat 10.2.1-11) (GCC) 
configure:4105: $? = 0
configure:4094: /home/spack/spack/lib/spack/env/gcc/gcc -V >&5
gcc: error: unrecognized command-line option '-V'
gcc: fatal error: no input files
compilation terminated.
configure:4105: $? = 1
configure:4094: /home/spack/spack/lib/spack/env/gcc/gcc -qversion >&5
gcc: error: unrecognized command-line option '-qversion'; did you mean '--version'?
configure:4105: $? = 1
configure:4094: /home/spack/spack/lib/spack/env/gcc/gcc -version >&5
gcc: error: unrecognized command-line option '-version'
configure:4105: $? = 1
configure:4125: checking whether the C compiler works
configure:4147: /home/spack/spack/lib/spack/env/gcc/gcc    conftest.c  >&5
configure:4151: $? = 0
configure:4201: result: yes
configure:4204: checking for C compiler default output file name
configure:4206: result: a.out
configure:4212: checking for suffix of executables
configure:4219: /home/spack/spack/lib/spack/env/gcc/gcc -o conftest    conftest.c  >&5
configure:4223: $? = 0
configure:4246: result: 
configure:4268: checking whether we are cross compiling
configure:4276: /home/spack/spack/lib/spack/env/gcc/gcc -o conftest    conftest.c  >&5
configure:4280: $? = 0
configure:4287: ./conftest
configure:4291: $? = 0
configure:4306: result: no
configure:4311: checking for suffix of object files
configure:4334: /home/spack/spack/lib/spack/env/gcc/gcc -c   conftest.c >&5
configure:4338: $? = 0
configure:4360: result: o
configure:4364: checking whether the compiler supports GNU C
configure:4384: /home/spack/spack/lib/spack/env/gcc/gcc -c   conftest.c >&5
configure:4384: $? = 0
configure:4394: result: yes
configure:4405: checking whether /home/spack/spack/lib/spack/env/gcc/gcc accepts -g
configure:4426: /home/spack/spack/lib/spack/env/gcc/gcc -c -g  conftest.c >&5
configure:4426: $? = 0
configure:4470: result: yes
configure:4490: checking for /home/spack/spack/lib/spack/env/gcc/gcc option to enable C11 features
configure:4505: /home/spack/spack/lib/spack/env/gcc/gcc  -c -g -O2  conftest.c >&5
configure:4505: $? = 0
configure:4523: result: none needed
configure:4639: checking whether /home/spack/spack/lib/spack/env/gcc/gcc understands -c and -o together
configure:4662: /home/spack/spack/lib/spack/env/gcc/gcc -c conftest.c -o conftest2.o
configure:4665: $? = 0
configure:4662: /home/spack/spack/lib/spack/env/gcc/gcc -c conftest.c -o conftest2.o
configure:4665: $? = 0
configure:4677: result: yes
configure:4696: checking dependency style of /home/spack/spack/lib/spack/env/gcc/gcc
configure:4808: result: gcc3
configure:4952: checking for C++ compiler version
configure:4961: /home/spack/spack/lib/spack/env/gcc/g++ --version >&5
g++ (GCC) 10.2.1 20210130 (Red Hat 10.2.1-11)
Copyright (C) 2020 Free Software Foundation, Inc.
This is free software; see the source for copying conditions.  There is NO
warranty; not even for MERCHANTABILITY or FITNESS FOR A PARTICULAR PURPOSE.

configure:4972: $? = 0
configure:4961: /home/spack/spack/lib/spack/env/gcc/g++ -v >&5
Using built-in specs.
COLLECT_GCC=/opt/rh/devtoolset-10/root/usr/bin/g++
COLLECT_LTO_WRAPPER=/opt/rh/devtoolset-10/root/usr/libexec/gcc/x86_64-redhat-linux/10/lto-wrapper
Target: x86_64-redhat-linux
Configured with: ../configure --enable-bootstrap --enable-languages=c,c++,fortran,lto --prefix=/opt/rh/devtoolset-10/root/usr --mandir=/opt/rh/devtoolset-10/root/usr/share/man --infodir=/opt/rh/devtoolset-10/root/usr/share/info --with-bugurl=http://bugzilla.redhat.com/bugzilla --enable-shared --enable-threads=posix --enable-checking=release --enable-multilib --with-system-zlib --enable-__cxa_atexit --disable-libunwind-exceptions --enable-gnu-unique-object --enable-linker-build-id --with-gcc-major-version-only --with-linker-hash-style=gnu --with-default-libstdcxx-abi=gcc4-compatible --enable-plugin --enable-initfini-array --with-isl=/builddir/build/BUILD/gcc-10.2.1-20210130/obj-x86_64-redhat-linux/isl-install --disable-libmpx --enable-gnu-indirect-function --with-tune=generic --with-arch_32=x86-64 --build=x86_64-redhat-linux
Thread model: posix
Supported LTO compression algorithms: zlib
gcc version 10.2.1 20210130 (Red Hat 10.2.1-11) (GCC) 
configure:4972: $? = 0
configure:4961: /home/spack/spack/lib/spack/env/gcc/g++ -V >&5
g++: error: unrecognized command-line option '-V'
g++: fatal error: no input files
compilation terminated.
configure:4972: $? = 1
configure:4961: /home/spack/spack/lib/spack/env/gcc/g++ -qversion >&5
g++: error: unrecognized command-line option '-qversion'; did you mean '--version'?
configure:4972: $? = 1
configure:4976: checking whether the compiler supports GNU C++
configure:4996: /home/spack/spack/lib/spack/env/gcc/g++ -c   conftest.cpp >&5
configure:4996: $? = 0
configure:5006: result: yes
configure:5017: checking whether /home/spack/spack/lib/spack/env/gcc/g++ accepts -g
configure:5038: /home/spack/spack/lib/spack/env/gcc/g++ -c -g  conftest.cpp >&5
configure:5038: $? = 0
configure:5082: result: yes
configure:5102: checking for /home/spack/spack/lib/spack/env/gcc/g++ option to enable C++11 features
configure:5117: /home/spack/spack/lib/spack/env/gcc/g++  -c -g -O2  conftest.cpp >&5
configure:5117: $? = 0
configure:5135: result: none needed
configure:5201: checking dependency style of /home/spack/spack/lib/spack/env/gcc/g++
configure:5313: result: gcc3
configure:5343: checking dependency style of /home/spack/spack/lib/spack/env/gcc/gcc
configure:5453: result: gcc3
configure:5519: checking whether /home/spack/spack/lib/spack/env/gcc/g++ supports C++17 features with -std=c++17
configure:6320: /home/spack/spack/lib/spack/env/gcc/g++ -std=c++17 -c -g -O2  conftest.cpp >&5
configure:6320: $? = 0
configure:6330: result: yes
configure:6533: checking that generated files are newer than configure
configure:6539: result: done
configure:6578: creating ./config.status

## ---------------------- ##
## Running config.status. ##
## ---------------------- ##

This file was extended by patchelf config.status 0.18.0, which was
generated by GNU Autoconf 2.71.  Invocation command line was

  CONFIG_FILES    = 
  CONFIG_HEADERS  = 
  CONFIG_LINKS    = 
  CONFIG_COMMANDS = 
  $ ./config.status 

on buildkitsandbox

config.status:793: creating Makefile
config.status:793: creating src/Makefile
config.status:793: creating tests/Makefile
config.status:793: creating patchelf.spec
config.status:965: executing depfiles commands
config.status:1042: cd src       && sed -e '/# am--include-marker/d' Makefile         | make -f - am--depfiles
config.status:1047: $? = 0
config.status:1042: cd tests       && sed -e '/# am--include-marker/d' Makefile         | make -f - am--depfiles
config.status:1047: $? = 0

## ---------------- ##
## Cache variables. ##
## ---------------- ##

ac_cv_c_compiler_gnu=yes
ac_cv_cxx_compiler_gnu=yes
ac_cv_env_CCASFLAGS_set=
ac_cv_env_CCASFLAGS_value=
ac_cv_env_CCAS_set=
ac_cv_env_CCAS_value=
ac_cv_env_CCC_set=
ac_cv_env_CCC_value=
ac_cv_env_CC_set=set
ac_cv_env_CC_value=/home/spack/spack/lib/spack/env/gcc/gcc
ac_cv_env_CFLAGS_set=
ac_cv_env_CFLAGS_value=
ac_cv_env_CPPFLAGS_set=
ac_cv_env_CPPFLAGS_value=
ac_cv_env_CXXFLAGS_set=
ac_cv_env_CXXFLAGS_value=
ac_cv_env_CXX_set=set
ac_cv_env_CXX_value=/home/spack/spack/lib/spack/env/gcc/g++
ac_cv_env_LDFLAGS_set=
ac_cv_env_LDFLAGS_value=
ac_cv_env_LIBS_set=
ac_cv_env_LIBS_value=
ac_cv_env_build_alias_set=
ac_cv_env_build_alias_value=
ac_cv_env_host_alias_set=
ac_cv_env_host_alias_value=
ac_cv_env_target_alias_set=
ac_cv_env_target_alias_value=
ac_cv_objext=o
ac_cv_path_install='/usr/bin/install -c'
ac_cv_path_mkdir=/usr/bin/mkdir
ac_cv_prog_AWK=gawk
ac_cv_prog_ac_ct_CC=/home/spack/spack/lib/spack/env/gcc/gcc
ac_cv_prog_ac_ct_OBJCOPY=objcopy
ac_cv_prog_ac_ct_OBJDUMP=objdump
ac_cv_prog_ac_ct_READELF=readelf
ac_cv_prog_ac_ct_STRIP=strip
ac_cv_prog_cc_c11=
ac_cv_prog_cc_g=yes
ac_cv_prog_cc_stdc=
ac_cv_prog_cxx_11=no
ac_cv_prog_cxx_cxx11=
ac_cv_prog_cxx_g=yes
ac_cv_prog_cxx_stdcxx=
ac_cv_prog_make_make_set=yes
am_cv_CCAS_dependencies_compiler_type=gcc3
am_cv_CC_dependencies_compiler_type=gcc3
am_cv_CXX_dependencies_compiler_type=gcc3
am_cv_make_support_nested_variables=yes
am_cv_prog_cc_c_o=yes
ax_cv_cxx_compile_cxx17__std_cpp17=yes

## ----------------- ##
## Output variables. ##
## ----------------- ##

ACLOCAL='${SHELL} '\''/tmp/spack/spack-stage/spack-stage-patchelf-0.18.0-afv7arjarb7nzmlh7c5slkfxykybuqce/spack-src/build-aux/missing'\'' aclocal-1.16'
AMDEPBACKSLASH='\'
AMDEP_FALSE='#'
AMDEP_TRUE=''
AMTAR='$${TAR-tar}'
AM_BACKSLASH='\'
AM_DEFAULT_V='$(AM_DEFAULT_VERBOSITY)'
AM_DEFAULT_VERBOSITY='1'
AM_V='$(V)'
AUTOCONF='${SHELL} '\''/tmp/spack/spack-stage/spack-stage-patchelf-0.18.0-afv7arjarb7nzmlh7c5slkfxykybuqce/spack-src/build-aux/missing'\'' autoconf'
AUTOHEADER='${SHELL} '\''/tmp/spack/spack-stage/spack-stage-patchelf-0.18.0-afv7arjarb7nzmlh7c5slkfxykybuqce/spack-src/build-aux/missing'\'' autoheader'
AUTOMAKE='${SHELL} '\''/tmp/spack/spack-stage/spack-stage-patchelf-0.18.0-afv7arjarb7nzmlh7c5slkfxykybuqce/spack-src/build-aux/missing'\'' automake-1.16'
AWK='gawk'
CC='/home/spack/spack/lib/spack/env/gcc/gcc'
CCAS='/home/spack/spack/lib/spack/env/gcc/gcc'
CCASDEPMODE='depmode=gcc3'
CCASFLAGS='-g -O2'
CCDEPMODE='depmode=gcc3'
CFLAGS='-g -O2'
CPPFLAGS=''
CSCOPE='cscope'
CTAGS='ctags'
CXX='/home/spack/spack/lib/spack/env/gcc/g++ -std=c++17'
CXXDEPMODE='depmode=gcc3'
CXXFLAGS='-g -O2'
CYGPATH_W='echo'
DEFS='-DPACKAGE_NAME=\"patchelf\" -DPACKAGE_TARNAME=\"patchelf\" -DPACKAGE_VERSION=\"0.18.0\" -DPACKAGE_STRING=\"patchelf\ 0.18.0\" -DPACKAGE_BUGREPORT=\"\" -DPACKAGE_URL=\"\" -DPACKAGE=\"patchelf\" -DVERSION=\"0.18.0\" -DHAVE_CXX17=1'
DEPDIR='.deps'
ECHO_C=''
ECHO_N='-n'
ECHO_T=''
ETAGS='etags'
EXEEXT=''
HAVE_CXX17='1'
INSTALL_DATA='${INSTALL} -m 644'
INSTALL_PROGRAM='${INSTALL}'
INSTALL_SCRIPT='${INSTALL}'
INSTALL_STRIP_PROGRAM='$(install_sh) -c -s'
LDFLAGS=''
LIBOBJS=''
LIBS=''
LTLIBOBJS=''
MAKEINFO='${SHELL} '\''/tmp/spack/spack-stage/spack-stage-patchelf-0.18.0-afv7arjarb7nzmlh7c5slkfxykybuqce/spack-src/build-aux/missing'\'' makeinfo'
MKDIR_P='/usr/bin/mkdir -p'
OBJCOPY='objcopy'
OBJDUMP='objdump'
OBJEXT='o'
PACKAGE='patchelf'
PACKAGE_BUGREPORT=''
PACKAGE_NAME='patchelf'
PACKAGE_STRING='patchelf 0.18.0'
PACKAGE_TARNAME='patchelf'
PACKAGE_URL=''
PACKAGE_VERSION='0.18.0'
PATH_SEPARATOR=':'
READELF='readelf'
SET_MAKE=''
SHELL='/bin/sh'
STRIP='strip'
VERSION='0.18.0'
WITH_ASAN_FALSE=''
WITH_ASAN_TRUE='#'
WITH_UBSAN_FALSE=''
WITH_UBSAN_TRUE='#'
ac_ct_CC='/home/spack/spack/lib/spack/env/gcc/gcc'
ac_ct_CXX=''
am__EXEEXT_FALSE=''
am__EXEEXT_TRUE='#'
am__fastdepCCAS_FALSE='#'
am__fastdepCCAS_TRUE=''
am__fastdepCC_FALSE='#'
am__fastdepCC_TRUE=''
am__fastdepCXX_FALSE='#'
am__fastdepCXX_TRUE=''
am__include='include'
am__isrc=''
am__leading_dot='.'
am__nodep='_no'
am__quote=''
am__tar='$${TAR-tar} chof - "$$tardir"'
am__untar='$${TAR-tar} xf -'
bindir='${exec_prefix}/bin'
build_alias=''
datadir='${datarootdir}'
datarootdir='${prefix}/share'
docdir='${datarootdir}/doc/${PACKAGE_TARNAME}'
dvidir='${docdir}'
exec_prefix='${prefix}'
host_alias=''
htmldir='${docdir}'
includedir='${prefix}/include'
infodir='${datarootdir}/info'
install_sh='${SHELL} /tmp/spack/spack-stage/spack-stage-patchelf-0.18.0-afv7arjarb7nzmlh7c5slkfxykybuqce/spack-src/build-aux/install-sh'
libdir='${exec_prefix}/lib'
libexecdir='${exec_prefix}/libexec'
localedir='${datarootdir}/locale'
localstatedir='${prefix}/var'
mandir='${datarootdir}/man'
mkdir_p='$(MKDIR_P)'
oldincludedir='/usr/include'
pdfdir='${docdir}'
prefix='/home/spack/spack/opt/spack/__spack_path_placeholder__/__spack_path_placeholder__/__spack_path_placeholder__/__spack_path_placeholder__/__spack_path_placeholder__/__spack_path_placeholder__/__spack_path_placeholder__/__spack_path_placeholder__/__spack_path/linux-centos7-x86_64/gcc-10.2.1/patchelf-0.18.0-afv7arjarb7nzmlh7c5slkfxykybuqce'
program_transform_name='s,x,x,'
psdir='${docdir}'
runstatedir='${localstatedir}/run'
sbindir='${exec_prefix}/sbin'
sharedstatedir='${prefix}/com'
sysconfdir='${prefix}/etc'
target_alias=''

## ----------- ##
## confdefs.h. ##
## ----------- ##

/* confdefs.h */
#define PACKAGE_NAME "patchelf"
#define PACKAGE_TARNAME "patchelf"
#define PACKAGE_VERSION "0.18.0"
#define PACKAGE_STRING "patchelf 0.18.0"
#define PACKAGE_BUGREPORT ""
#define PACKAGE_URL ""
#define PACKAGE "patchelf"
#define VERSION "0.18.0"
#define HAVE_CXX17 1

configure: exit 0
